// Vitest Snapshot v1, https://vitest.dev/guide/snapshot.html

exports[`error responses > simple error 1`] = `
{
  "cause": {
    "errors": [
      {
        "code": "idDoesNotExist",
        "text": "The value of the identifier argument is unknown or illegal in this repository.",
      },
    ],
    "request": {
      "attr": {
        "from": undefined,
        "identifier": undefined,
        "metadataPrefix": undefined,
        "resumptionToken": undefined,
        "set": undefined,
        "until": undefined,
        "verb": "GetRecord",
      },
      "value": "https://www.tethys.at/oai",
    },
    "responseDate": "2026-03-24T14:15:14Z",
  },
  "msg": "[OaiPmhErrorResponse]: OAI-PMH provider returned error(s):
idDoesNotExist: The value of the identifier argument is unknown or illegal in this repository.",
}
`;
