// Vitest Snapshot v1, https://vitest.dev/guide/snapshot.html

exports[`method \`identify\` > successful response 1`] = `
{
  "adminEmail": [
    "repository@geosphere.at",
  ],
  "baseURL": "https://www.tethys.at/oai",
  "compression": [
    "gzip",
    "deflate",
  ],
  "deletedRecord": "persistent",
  "description": [
    {
      "name": "description",
      "value": NodeList [
        
      ,
        <oai-identifier
          xmlns="http://www.openarchives.org/OAI/2.0/oai-identifier"
          xsi:schemaLocation="http://www.openarchives.org/OAI/2.0/oai-identifier http://www.openarchives.org/OAI/2.0/oai-identifier.xsd"
        >
          
        
          <scheme>
            oai
          </scheme>
          
        
          <repositoryidentifier>
            tethys.at
          </repositoryidentifier>
          
        
          <delimiter>
            :
          </delimiter>
          
        
          <sampleidentifier>
            oai:tethys.at:1
          </sampleidentifier>
          
      
        </oai-identifier>,
        
    ,
      ],
    },
  ],
  "earliestDatestamp": "2020-09-03T15:37:57Z",
  "granularity": "YYYY-MM-DDThh:mm:ssZ",
  "protocolVersion": "2.0",
  "repositoryName": "Tethys RDR",
}
`;
