// Vitest Snapshot v1, https://vitest.dev/guide/snapshot.html

exports[`method \`listSets\` > successful response 1`] = `
[
  [
    {
      "setDescription": undefined,
      "setName": "Set for open access licenses",
      "setSpec": "open_access",
    },
    {
      "setDescription": undefined,
      "setName": "OpenAIRE",
      "setSpec": "openaire_data",
    },
    {
      "setDescription": undefined,
      "setName": "Set for document type ResearchData",
      "setSpec": "doc-type:ResearchData",
    },
  ],
  [
    {
      "setDescription": undefined,
      "setName": "Set for document type 'monitoring'",
      "setSpec": "data-type:monitoring",
    },
    {
      "setDescription": undefined,
      "setName": "Set for document type 'gis'",
      "setSpec": "data-type:gis",
    },
    {
      "setDescription": undefined,
      "setName": "Set for document type 'analysisdata'",
      "setSpec": "data-type:analysisdata",
    },
  ],
  [
    {
      "setDescription": undefined,
      "setName": "Set for document type 'models'",
      "setSpec": "data-type:models",
    },
    {
      "setDescription": undefined,
      "setName": "Set for document type 'mixedtype'",
      "setSpec": "data-type:mixedtype",
    },
    {
      "setDescription": undefined,
      "setName": "Set for document type 'measurementdata'",
      "setSpec": "data-type:measurementdata",
    },
  ],
]
`;
