// Vitest Snapshot v1, https://vitest.dev/guide/snapshot.html

exports[`base OAI-PMH data validation > empty response 1`] = `
{
  "cause": [OaiPmhInnerValidationError: : expected element child nodes],
  "msg": "[OaiPmhValidationError]: : expected element child nodes",
  "xml": "",
}
`;

exports[`base OAI-PMH data validation > no default dom parser error 1`] = `
{
  "cause": undefined,
  "msg": "[Error]: environment doesn't have DOMParser, please provide it via options",
}
`;

exports[`base OAI-PMH data validation > xml parser with differing text nodes 1`] = `"Here is a CDATA section:  < > &  with all kinds of unescaped text."`;

exports[`base OAI-PMH data validation > xml parser works 1`] = `
{
  "hello": [
    {
      "name": "hello",
      "value": NodeList [
        Friend,
      ],
    },
  ],
}
`;

exports[`base OAI-PMH data validation > xml with namespaced elements 1`] = `
{
  "fixed": [
    {
      "name": "fixed",
      "prefix": "pre",
      "value": NodeList [
        Prefixed,
      ],
    },
  ],
}
`;
